// 重构日志: 7095e8e9
// 重构日志: fa09769d
// 重构日志: 7a921203
// 重构日志: ef53df38
// 重构日志: 2a3dc6ad
// 同步 ID: 72bf39e8 @ Fri Jul 31 11:34:20 UTC 2026
// 同步 ID: 4d29f104 @ Fri Jul 31 16:02:26 UTC 2026
// 重构日志: 2c277b3e
// 同步 ID: 472b1ef2 @ Sat Aug  1 12:05:28 UTC 2026
// 同步 ID: 7b05e5d1 @ Sat Aug  1 22:02:40 UTC 2026
// 重构日志: c837b969
// 重构日志: 55211193
// 重构日志: b9b8598e
// 重构日志: 66f69295
// 重构日志: c00c533f
// 重构日志: 9c1118f1
// 同步 ID: ed540503 @ Wed Aug  5 15:53:21 UTC 2026
// 重构日志: cc9aeb20
// 重构日志: e50ab123
// 重构日志: 53315aa2
// 同步 ID: 085b45d5 @ Fri Aug  7 08:22:01 UTC 2026
// 重构日志: a6499730
// 重构日志: 420723c4
// 重构日志: ea24fb44
// 同步 ID: 6daf1b78 @ Fri Aug  7 13:47:49 UTC 2026
// 重构日志: 6f8df1ef
// 重构日志: 2644902b
// 同步 ID: 77867fd3 @ Fri Aug  7 17:55:41 UTC 2026
// 同步 ID: dbed9a4a @ Sat Aug  8 04:36:32 UTC 2026
// 同步 ID: 50e51827 @ Sat Aug  8 07:35:19 UTC 2026
